<?xml version="1.0" encoding="UTF-8"?>
<testsuites name="Chrome 74" tests="0" failures="0" errors="0" time="1.205">
</testsuites>